// Jest Snapshot v1, https://goo.gl/fbAQLP

exports[`Given App component renders properly 1`] = `
"<div>
  <h2>
    Loot Check
  </h2>
  <Connect(Wallet) />
  <hr />
  <Connect(Loot) />
  <div className=\\"coin-link\\">
    Powered by 
    <a href=\\"https://www.coindesk.com/price\\" target=\\"_blank\\">
      CoinDesk
    </a>
  </div>
</div>"
`;
